Initialized native services in: C:\Users\aa223\.gradle\native
Initialized jansi services in: C:\Users\aa223\.gradle\native
The client will now receive all logging from the daemon (pid: 133084). The daemon log file: C:\Users\aa223\.gradle\daemon\8.13\daemon-133084.out.log
Starting 10th build in daemon [uptime: 3 mins 2.573 secs, performance: 100%, GC rate: 0.00/s, heap usage: 0% of 512 MiB, non-heap usage: 60% of 384 MiB]
Using 32 worker leases.
Now considering [D:\OtherProject\mine\crypto\kotlin-tx-builder, D:\OtherProject\mine\crypto\kotlin-address, D:\OtherProject\mine\crypto\kotlin-crypto-pure] as hierarchies to watch
Watching the file system is configured to be enabled if available
File system watching is active
Starting Build
Settings evaluated using settings file 'D:\OtherProject\mine\crypto\kotlin-tx-builder\settings.gradle.kts'.
Now considering [D:\OtherProject\mine\crypto\kotlin-crypto-pure, D:\OtherProject\mine\crypto\kotlin-tx-builder, D:\OtherProject\mine\crypto\kotlin-address] as hierarchies to watch
Now considering [D:\OtherProject\mine\crypto\kotlin-address, D:\OtherProject\mine\crypto\kotlin-crypto-pure, D:\OtherProject\mine\crypto\kotlin-tx-builder] as hierarchies to watch
Projects loaded. Root project using build file 'D:\OtherProject\mine\crypto\kotlin-tx-builder\build.gradle.kts'.
Included projects: [root project 'kotlin-tx-builder']

> Configure project :kotlin-crypto-pure
Evaluating project ':kotlin-crypto-pure' using build file 'D:\OtherProject\mine\crypto\kotlin-crypto-pure\build.gradle.kts'.
Resolved plugin [id: 'org.jetbrains.kotlin.multiplatform', version: '2.1.0']
Resolved plugin [id: 'com.android.library', version: '8.5.2']
Resolved plugin [id: 'org.gradle.maven-publish']
Using Kotlin Gradle Plugin gradle85 variant
Using default execution profile
kotlin scripting plugin: created the scripting discovery configuration: kotlinScriptDef
kotlin scripting plugin: created the scripting discovery configuration: testKotlinScriptDef
w: The following Kotlin/Native targets cannot be built on this machine and are disabled:
iosArm64, iosSimulatorArm64, iosX64, watchosArm64, watchosSimulatorArm64, watchosX64
To hide this message, add 'kotlin.native.ignoreDisabledTargets=true' to the Gradle properties.

w: The Default Kotlin Hierarchy Template was not applied to 'project ':kotlin-crypto-pure'':
Explicit .dependsOn() edges were configured for the following source sets:
[iosArm64Main, iosMain, iosSimulatorArm64Main, iosX64Main, watchosArm64Main, watchosMain, watchosSimulatorArm64Main, watchosX64Main]

Consider removing dependsOn-calls or disabling the default template by adding
    'kotlin.mpp.applyDefaultHierarchyTemplate=false'
to your gradle.properties

Learn more about hierarchy templates: https://kotl.in/hierarchy-template

Registering project ':kotlin-crypto-pure' in composite build. Will substitute for module 'io.github.iml1s:kotlin-crypto-pure'.

> Configure project :kotlin-address
Evaluating project ':kotlin-address' using build file 'D:\OtherProject\mine\crypto\kotlin-address\build.gradle.kts'.
Resolved plugin [id: 'org.jetbrains.kotlin.multiplatform', version: '2.1.0']
Resolved plugin [id: 'com.android.library', version: '8.5.2']
Resolved plugin [id: 'org.gradle.maven-publish']
Using Kotlin Gradle Plugin gradle85 variant
Using default execution profile
kotlin scripting plugin: created the scripting discovery configuration: kotlinScriptDef
kotlin scripting plugin: created the scripting discovery configuration: testKotlinScriptDef
w: The following Kotlin/Native targets cannot be built on this machine and are disabled:
iosArm64, iosSimulatorArm64, iosX64, watchosArm64, watchosSimulatorArm64, watchosX64
To hide this message, add 'kotlin.native.ignoreDisabledTargets=true' to the Gradle properties.

Registering project ':kotlin-address' in composite build. Will substitute for module 'io.github.iml1s:kotlin-address'.

> Configure project :
Evaluating root project 'kotlin-tx-builder' using build file 'D:\OtherProject\mine\crypto\kotlin-tx-builder\build.gradle.kts'.
Resolved plugin [id: 'org.jetbrains.kotlin.multiplatform', version: '2.1.0']
Resolved plugin [id: 'com.android.library', version: '8.5.2']
Resolved plugin [id: 'org.gradle.maven-publish']
Using Kotlin Gradle Plugin gradle85 variant
Using default execution profile
kotlin scripting plugin: created the scripting discovery configuration: kotlinScriptDef
kotlin scripting plugin: created the scripting discovery configuration: testKotlinScriptDef
w: The following Kotlin/Native targets cannot be built on this machine and are disabled:
iosArm64, iosSimulatorArm64, iosX64, watchosArm64, watchosSimulatorArm64, watchosX64
To hide this message, add 'kotlin.native.ignoreDisabledTargets=true' to the Gradle properties.

All projects evaluated.
Task name matched 'jvmTest'
Selected primary task 'jvmTest' from project :
Found project 'project :kotlin-crypto-pure' as substitute for module 'io.github.iml1s:kotlin-crypto-pure'.
Found project 'project :kotlin-address' as substitute for module 'io.github.iml1s:kotlin-address'.
Found project 'project :kotlin-crypto-pure' as substitute for module 'io.github.iml1s:kotlin-crypto-pure'.
Found project 'project :kotlin-crypto-pure' as substitute for module 'io.github.iml1s:kotlin-crypto-pure'.
Found project 'project :kotlin-address' as substitute for module 'io.github.iml1s:kotlin-address'.
Found project 'project :kotlin-crypto-pure' as substitute for module 'io.github.iml1s:kotlin-crypto-pure'.
Found project 'project :kotlin-address' as substitute for module 'io.github.iml1s:kotlin-address'.
Found project 'project :kotlin-crypto-pure' as substitute for module 'io.github.iml1s:kotlin-crypto-pure'.
Tasks to be executed: [task ':checkKotlinGradlePluginConfigurationErrors', task ':compileKotlinJvm', task ':jvmProcessResources', task ':jvmMainClasses', task ':jvmJar', task ':compileTestKotlinJvm', task ':jvmTestProcessResources', task ':jvmTestClasses', task ':jvmTest']
Tasks that were excluded: []
Resolve mutations for :kotlin-address:checkKotlinGradlePluginConfigurationErrors (Thread[#1869,Execution worker,5,main]) started.
Resolve mutations for :kotlin-crypto-pure:checkKotlinGradlePluginConfigurationErrors (Thread[#1867,included builds Thread 2,5,main]) started.
Resolve mutations for :checkKotlinGradlePluginConfigurationErrors (Thread[#1874,Execution worker Thread 6,5,main]) started.
:kotlin-crypto-pure:checkKotlinGradlePluginConfigurationErrors (Thread[#1869,Execution worker,5,main]) started.
:kotlin-address:checkKotlinGradlePluginConfigurationErrors (Thread[#1877,Execution worker Thread 9,5,main]) started.
:checkKotlinGradlePluginConfigurationErrors (Thread[#1874,Execution worker Thread 6,5,main]) started.

> Task :kotlin-address:checkKotlinGradlePluginConfigurationErrors SKIPPED
Skipping task ':kotlin-address:checkKotlinGradlePluginConfigurationErrors' as task onlyIf 'errorDiagnostics are present' is false.

> Task :checkKotlinGradlePluginConfigurationErrors SKIPPED
Skipping task ':checkKotlinGradlePluginConfigurationErrors' as task onlyIf 'errorDiagnostics are present' is false.

> Task :kotlin-crypto-pure:checkKotlinGradlePluginConfigurationErrors SKIPPED
Skipping task ':kotlin-crypto-pure:checkKotlinGradlePluginConfigurationErrors' as task onlyIf 'errorDiagnostics are present' is false.
Resolve mutations for :kotlin-crypto-pure:compileKotlinJvm (Thread[#1869,Execution worker,5,main]) started.
Resolve mutations for :jvmProcessResources (Thread[#1874,Execution worker Thread 6,5,main]) started.
:jvmProcessResources (Thread[#1874,Execution worker Thread 6,5,main]) started.
Resolve mutations for :kotlin-address:jvmProcessResources (Thread[#1898,Execution worker Thread 28,5,main]) started.
:kotlin-crypto-pure:compileKotlinJvm (Thread[#1869,Execution worker,5,main]) started.
:kotlin-address:jvmProcessResources (Thread[#1898,Execution worker Thread 28,5,main]) started.

> Task :jvmProcessResources NO-SOURCE
Skipping task ':jvmProcessResources' as it has no source files and no previous output files.

> Task :kotlin-address:jvmProcessResources NO-SOURCE
Skipping task ':kotlin-address:jvmProcessResources' as it has no source files and no previous output files.
Resolve mutations for :jvmTestProcessResources (Thread[#1874,Execution worker Thread 6,5,main]) started.
:jvmTestProcessResources (Thread[#1874,Execution worker Thread 6,5,main]) started.

> Task :jvmTestProcessResources NO-SOURCE
Skipping task ':jvmTestProcessResources' as it has no source files and no previous output files.

> Task :kotlin-crypto-pure:compileKotlinJvm UP-TO-DATE
Caching disabled for task ':kotlin-crypto-pure:compileKotlinJvm' because:
  Build cache is disabled
Skipping task ':kotlin-crypto-pure:compileKotlinJvm' as it is up-to-date.
Resolve mutations for :kotlin-crypto-pure:jvmProcessResources (Thread[#1869,Execution worker,5,main]) started.
:kotlin-crypto-pure:jvmProcessResources (Thread[#1869,Execution worker,5,main]) started.

> Task :kotlin-crypto-pure:jvmProcessResources NO-SOURCE
Skipping task ':kotlin-crypto-pure:jvmProcessResources' as it has no source files and no previous output files.
Resolve mutations for :kotlin-crypto-pure:jvmMainClasses (Thread[#1869,Execution worker,5,main]) started.
:kotlin-crypto-pure:jvmMainClasses (Thread[#1869,Execution worker,5,main]) started.

> Task :kotlin-crypto-pure:jvmMainClasses UP-TO-DATE
Skipping task ':kotlin-crypto-pure:jvmMainClasses' as it has no actions.
Resolve mutations for :kotlin-crypto-pure:jvmJar (Thread[#1869,Execution worker,5,main]) started.
:kotlin-crypto-pure:jvmJar (Thread[#1869,Execution worker,5,main]) started.

> Task :kotlin-crypto-pure:jvmJar UP-TO-DATE
Caching disabled for task ':kotlin-crypto-pure:jvmJar' because:
  Build cache is disabled
  Not worth caching
Skipping task ':kotlin-crypto-pure:jvmJar' as it is up-to-date.
other build task :kotlin-crypto-pure:jvmJar (Thread[#1869,Execution worker,5,main]) started.
other build task :kotlin-crypto-pure:jvmJar (Thread[#1890,Execution worker Thread 22,5,main]) started.
work action resolve kotlin-crypto-pure-jvm-1.0.0.jar (project :kotlin-crypto-pure) (Thread[#1869,Execution worker,5,main]) started.
work action resolve kotlin-crypto-pure-jvm-1.0.0.jar (project :kotlin-crypto-pure) (Thread[#1890,Execution worker Thread 22,5,main]) started.
Resolve mutations for :kotlin-address:compileKotlinJvm (Thread[#1890,Execution worker Thread 22,5,main]) started.
:kotlin-address:compileKotlinJvm (Thread[#1890,Execution worker Thread 22,5,main]) started.

> Task :kotlin-address:compileKotlinJvm UP-TO-DATE
Caching disabled for task ':kotlin-address:compileKotlinJvm' because:
  Build cache is disabled
Skipping task ':kotlin-address:compileKotlinJvm' as it is up-to-date.
Resolve mutations for :kotlin-address:jvmMainClasses (Thread[#1890,Execution worker Thread 22,5,main]) started.
:kotlin-address:jvmMainClasses (Thread[#1890,Execution worker Thread 22,5,main]) started.

> Task :kotlin-address:jvmMainClasses UP-TO-DATE
Skipping task ':kotlin-address:jvmMainClasses' as it has no actions.
Resolve mutations for :kotlin-address:jvmJar (Thread[#1890,Execution worker Thread 22,5,main]) started.
:kotlin-address:jvmJar (Thread[#1890,Execution worker Thread 22,5,main]) started.

> Task :kotlin-address:jvmJar UP-TO-DATE
Caching disabled for task ':kotlin-address:jvmJar' because:
  Build cache is disabled
  Not worth caching
Skipping task ':kotlin-address:jvmJar' as it is up-to-date.
other build task :kotlin-address:jvmJar (Thread[#1881,Execution worker Thread 13,5,main]) started.
work action resolve kotlin-address-jvm-1.0.0.jar (project :kotlin-address) (Thread[#1881,Execution worker Thread 13,5,main]) started.
Resolve mutations for :compileKotlinJvm (Thread[#1881,Execution worker Thread 13,5,main]) started.
:compileKotlinJvm (Thread[#1881,Execution worker Thread 13,5,main]) started.

> Task :compileKotlinJvm UP-TO-DATE
Caching disabled for task ':compileKotlinJvm' because:
  Build cache is disabled
Skipping task ':compileKotlinJvm' as it is up-to-date.
Resolve mutations for :jvmMainClasses (Thread[#1883,Execution worker Thread 15,5,main]) started.
:jvmMainClasses (Thread[#1883,Execution worker Thread 15,5,main]) started.

> Task :jvmMainClasses UP-TO-DATE
Skipping task ':jvmMainClasses' as it has no actions.
Resolve mutations for :jvmJar (Thread[#1883,Execution worker Thread 15,5,main]) started.
:jvmJar (Thread[#1883,Execution worker Thread 15,5,main]) started.

> Task :jvmJar UP-TO-DATE
Caching disabled for task ':jvmJar' because:
  Build cache is disabled
  Not worth caching
Skipping task ':jvmJar' as it is up-to-date.
Resolve mutations for :compileTestKotlinJvm (Thread[#1883,Execution worker Thread 15,5,main]) started.
:compileTestKotlinJvm (Thread[#1883,Execution worker Thread 15,5,main]) started.

> Task :compileTestKotlinJvm UP-TO-DATE
Caching disabled for task ':compileTestKotlinJvm' because:
  Build cache is disabled
Skipping task ':compileTestKotlinJvm' as it is up-to-date.
Resolve mutations for :jvmTestClasses (Thread[#1883,Execution worker Thread 15,5,main]) started.
:jvmTestClasses (Thread[#1883,Execution worker Thread 15,5,main]) started.

> Task :jvmTestClasses UP-TO-DATE
Skipping task ':jvmTestClasses' as it has no actions.
Resolve mutations for :jvmTest (Thread[#1883,Execution worker Thread 15,5,main]) started.
:jvmTest (Thread[#1883,Execution worker Thread 15,5,main]) started.

> Task :jvmTest FAILED
Caching disabled for task ':jvmTest' because:
  Build cache is disabled
Task ':jvmTest' is not up-to-date because:
  Task has failed previously.
Finished generating test XML results (0.001 secs) into: D:\OtherProject\mine\crypto\kotlin-tx-builder\build\test-results\jvmTest
Generating HTML test report...
Finished generating test html results (0.006 secs) into: D:\OtherProject\mine\crypto\kotlin-tx-builder\build\reports\tests\jvmTest

FAILURE: Build failed with an exception.

* What went wrong:
Execution failed for task ':jvmTest'.
> No tests found for given includes: [\ io.github.iml1s.tx.bitcoin.TxBuilderTest\](--tests filter)

* Try:
> Run with --stacktrace option to get the stack trace.
> Run with --debug option to get more log output.
> Run with --scan to get full insights.
> Get more help at https://help.gradle.org.

BUILD FAILED in 7s
8 actionable tasks: 1 executed, 7 up-to-date
Watched directory hierarchies: [D:\OtherProject\mine\crypto\kotlin-address, D:\OtherProject\mine\crypto\kotlin-crypto-pure, D:\OtherProject\mine\crypto\kotlin-tx-builder]
